MongoDB connected successfully.
CDMS server running on http://localhost:5000
[0mGET /api/health [32m200[0m 9.315 ms - 38[0m
[0mGET / [36m304[0m 3.455 ms - -[0m
[0mGET /styles.css [32m200[0m 2.701 ms - 30052[0m
[0mGET /script.js [32m200[0m 3.481 ms - 23062[0m
[0mGET /report.html?auth=signup [32m200[0m 4.229 ms - 17598[0m
[0mGET /styles.css [36m304[0m 0.596 ms - -[0m
[0mGET /script.js [36m304[0m 0.641 ms - -[0m
[0mGET /api/updates?emergencyType=All [36m304[0m 22.731 ms - -[0m
[0mGET /api/incidents [36m304[0m 29.793 ms - -[0m
[0mGET /api/validations [36m304[0m 32.298 ms - -[0m
[0mGET /report.html?auth=signup [36m304[0m 0.988 ms - -[0m
[0mGET /styles.css [36m304[0m 0.923 ms - -[0m
[0mGET /script.js [36m304[0m 1.066 ms - -[0m
[0mGET /api/updates?emergencyType=All [36m304[0m 8.355 ms - -[0m
[0mGET /api/incidents [36m304[0m 12.516 ms - -[0m
[0mGET /api/validations [32m200[0m 15.534 ms - 25[0m
[0mGET /report.html?auth=signup [36m304[0m 1.094 ms - -[0m
[0mGET /styles.css [36m304[0m 1.333 ms - -[0m
[0mGET /script.js [36m304[0m 2.943 ms - -[0m
[0mGET /api/incidents [36m304[0m 8.187 ms - -[0m
[0mGET /api/validations [36m304[0m 10.291 ms - -[0m
[0mGET /api/updates?emergencyType=All [36m304[0m 12.097 ms - -[0m
[0mGET /services.html [32m200[0m 1.608 ms - 5363[0m
[0mGET /styles.css [36m304[0m 0.919 ms - -[0m
[0mGET /script.js [36m304[0m 0.970 ms - -[0m
[0mGET /report.html [32m200[0m 2.008 ms - 17598[0m
[0mGET /styles.css [36m304[0m 0.994 ms - -[0m
[0mGET /script.js [36m304[0m 1.332 ms - -[0m
[0mGET /api/incidents [36m304[0m 6.772 ms - -[0m
[0mGET /api/validations [36m304[0m 8.849 ms - -[0m
[0mGET /api/updates?emergencyType=All [36m304[0m 10.351 ms - -[0m
[0mGET /report.html [36m304[0m 1.303 ms - -[0m
[0mGET /styles.css [36m304[0m 0.775 ms - -[0m
[0mGET /script.js [36m304[0m 0.670 ms - -[0m
[0mGET /api/incidents [32m200[0m 6.412 ms - 853[0m
[0mGET /api/validations [36m304[0m 8.770 ms - -[0m
[0mGET /api/updates?emergencyType=All [36m304[0m 10.955 ms - -[0m
[0mGET /report.html?auth=login [32m200[0m 2.653 ms - 17598[0m
[0mGET /styles.css [36m304[0m 0.807 ms - -[0m
[0mGET /script.js [36m304[0m 0.505 ms - -[0m
[0mGET /api/incidents [36m304[0m 5.802 ms - -[0m
[0mGET /api/validations [36m304[0m 7.873 ms - -[0m
[0mGET /api/updates?emergencyType=All [36m304[0m 9.571 ms - -[0m
[0mPOST /api/auth/signup [32m201[0m 233.513 ms - 209[0m
[0mGET /api/validations [36m304[0m 3.368 ms - -[0m
[0mGET /report.html?auth=login [32m200[0m 3.483 ms - 17742[0m
[0mGET /styles.css [36m304[0m 1.131 ms - -[0m
[0mGET /script.js [32m200[0m 2.356 ms - 25310[0m
[0mGET /api/incidents [36m304[0m 6.125 ms - -[0m
[0mGET /api/validations [36m304[0m 8.014 ms - -[0m
[0mGET /api/updates?emergencyType=All [36m304[0m 9.518 ms - -[0m
[0mGET /report.html?auth=login [36m304[0m 0.852 ms - -[0m
[0mGET /styles.css [36m304[0m 0.661 ms - -[0m
[0mGET /script.js [36m304[0m 0.836 ms - -[0m
[0mGET /api/updates?emergencyType=All [36m304[0m 5.583 ms - -[0m
[0mGET /api/incidents [36m304[0m 7.939 ms - -[0m
[0mGET /api/validations [36m304[0m 9.415 ms - -[0m
